MESA-INTEL: warning: Haswell Vulkan support is incomplete
00c0:err:hid:udev_bus_init UDEV monitor creation failed
MESA-INTEL: warning: Haswell Vulkan support is incomplete
wine: failed to open "/media/royce/Other Files/Downloads/World of Warcraft 3.3.5a/Wow.exe": c0000135
MESA-INTEL: warning: Haswell Vulkan support is incomplete
MESA-INTEL: warning: Haswell Vulkan support is incomplete
00c0:err:hid:udev_bus_init UDEV monitor creation failed
MESA-INTEL: warning: Haswell Vulkan support is incomplete
archive Data\enUS\patch-enUS.MPQ opened
archive Data\patch.MPQ opened
archive Data\enUS\patch-enUS-2.MPQ opened
archive Data\enUS\patch-enUS-3.MPQ opened
archive Data\patch-2.MPQ opened
archive Data\patch-3.MPQ opened
archive Data\expansion.MPQ opened
archive Data\lichking.MPQ opened
archive Data\common.MPQ opened
archive Data\common-2.MPQ opened
archive Data\enUS\locale-enUS.MPQ opened
archive Data\enUS\speech-enUS.MPQ opened
archive Data\enUS\expansion-locale-enUS.MPQ opened
archive Data\enUS\lichking-locale-enUS.MPQ opened
archive Data\enUS\expansion-speech-enUS.MPQ opened
archive Data\enUS\lichking-speech-enUS.MPQ opened
